Отчет по выполнению практической работы

Вызов названия текущей папаки
$ pwd
/c/Users/alexk

Создание новой папки Homerwork_7_IIT
$ mkdir "Homerwork_7_IIT"

Переход в папку Homerwork_7_IIT
$ cd Homerwork_7_IIT/

Проверка текущей папки
$ pwd
/c/Users/alexk/Homerwork_7_IIT

Создание локального репозитория в папке Homerwork_7_IIT
$ git init
Initialized empty Git repository in C:/Users/alexk/Homerwork_7_IIT/.git/

Создание файла с отчетом в папке Homerwork_7_IIT
$ echo "Отчет по выполнению практической работы" >Otchet_homerwork_7_IIT.txt

Вызов содержимого папки Homerwork_7_IIT
$ ls
Otchet_homerwork_7_IIT.txt

Открытие файла в Visual Studio Code
$ code .

Посмотр состояния рабочей директории и staging area
$ git status
On branch master
No commits yet
Untracked files:
  (use "git add <file>..." to include in what will be committed)
        Otchet_homerwork_7_IIT.txt
nothing added to commit but untracked files present (use "git add" to track)

Перенос файлов из рабочей директории в staging area - строки 1-38
$ git add .
warning: in the working copy of 'Otchet_homerwork_7_IIT.txt', LF will be replaced by CRLF the next time Git touches it

Посмотр состояния рабочей директории и staging area
$ git status
On branch master
No commits yet
Changes to be committed:
  (use "git rm --cached <file>..." to unstage)
        new file:   Otchet_homerwork_7_IIT.txt

Создание коммита commit-1
$ git commit -m "Commit _1 Отчет версия 1 - до создания коммита"
[master (root-commit) 63037c8] Commit _1 Отчет версия 1 - до создания коммита
 1 file changed, 40 insertions(+)
 create mode 100644 Otchet_homerwork_7_IIT.txt

Посмотр состояния рабочей директории и staging area
$ git status
On branch master
nothing to commit, working tree clean

Посмотр коммитов
$ git log
commit 63037c83ae5b0ec1f810e426dd9e89deac68081a (HEAD -> master)
Author: Alex Kichigin <alexkichigin1978@gmail.com>
Date:   Sun Nov 27 01:01:40 2022 +0300
Commit _1 Отчет версия 1 - до создания коммита

Добавление в staging area изменений в в файле Otchet_homerwork_7_IIT.txt (Пака - Homerwork_7_IIT, ветка - master) - строки 40-68
$ git add .
warning: in the working copy of 'Otchet_homerwork_7_IIT.txt', LF will be replaced by CRLF the next time Git touches it

Создание коммита commit-2
$ git commit -m "Commit _2 Отчет версия 2 - создан коммит-1"
[master 7b3ac81] Commit _2 Отчет версия 2 - создан коммит-1
 1 file changed, 29 insertions(+)

Посмотр коммитов
$ git log
commit 7b3ac81f94258558a35cb79626d9775033ad33ac (HEAD -> master)
Author: Alex Kichigin <alexkichigin1978@gmail.com>
Date:   Sun Nov 27 01:08:32 2022 +0300
Commit _2 Отчет версия 2 - создан коммит-1

commit 63037c83ae5b0ec1f810e426dd9e89deac68081a
Author: Alex Kichigin <alexkichigin1978@gmail.com>
Date:   Sun Nov 27 01:01:40 2022 +0300
Commit _1 Отчет версия 1 - до создания коммита

Создание и переход на ветку 'second'
$ git checkout -b "second"
Switched to a new branch 'second'

Посмотр коммитов
$ git log
commit 7b3ac81f94258558a35cb79626d9775033ad33ac (HEAD -> second, master)
Author: Alex Kichigin <alexkichigin1978@gmail.com>
Date:   Sun Nov 27 01:08:32 2022 +0300
Commit _2 Отчет версия 2 - создан коммит-1

commit 63037c83ae5b0ec1f810e426dd9e89deac68081a
Author: Alex Kichigin <alexkichigin1978@gmail.com>
Date:   Sun Nov 27 01:01:40 2022 +0300
Commit _1 Отчет версия 1 - до создания коммита

Добавление в staging area изменений в в файле Otchet_homerwork_7_IIT.txt (Пака - Homerwork_7_IIT, ветка - second) - строки 70-105
$ git add .
warning: in the working copy of 'Otchet_homerwork_7_IIT.txt', LF will be replaced by CRLF the next time Git touches it

Посмотр состояния рабочей директории и staging area
$ git status
On branch second
Changes to be committed:
  (use "git restore --staged <file>..." to unstage)
        modified:   Otchet_homerwork_7_IIT.txt


Создание коммита commit-3 (ветка second)
$ git commit -m "Commit _3 Отчет версия 3 - новая ветка с измениями по созданию ветки и созданию коммита-2"
[second b0adacd] Commit _3 Отчет версия 3 - новая ветка с измениями по созданию ветки и созданию коммита-2
 1 file changed, 37 insertions(+), 1 deletion(-)

Посмотр коммитов (активная ветка - second)
$ git log
commit b0adacd0fb691317e491994603def5d981508bd3 (HEAD -> second)
Author: Alex Kichigin <alexkichigin1978@gmail.com>
Date:   Sun Nov 27 01:19:28 2022 +0300
Commit _3 Отчет версия 3 - новая ветка с измениями по созданию ветки и созданию коммита-2

commit 7b3ac81f94258558a35cb79626d9775033ad33ac (master)
Author: Alex Kichigin <alexkichigin1978@gmail.com>
Date:   Sun Nov 27 01:08:32 2022 +0300
Commit _2 Отчет версия 2 - создан коммит-1

commit 63037c83ae5b0ec1f810e426dd9e89deac68081a
Author: Alex Kichigin <alexkichigin1978@gmail.com>
Date:   Sun Nov 27 01:01:40 2022 +0300
Commit _1 Отчет версия 1 - до создания коммита

Добавление в staging area изменений в в файле Otchet_homerwork_7_IIT.txt (Пака - Homerwork_7_IIT, ветка - second) - строки 107-139
$ git add .
warning: in the working copy of 'Otchet_homerwork_7_IIT.txt', LF will be replaced by CRLF the next time Git touches it

Создание коммита commit-3 (ветка second)
$ git commit -m "Commit _4 Отчет версия 4 - новая ветка - созданию коммита-3"
[second 5f6c87a] Commit _4 Отчет версия 4 - новая ветка - созданию коммита-3
 1 file changed, 36 insertions(+)

Посмотр коммитов (активная ветка - second)
$ git log
commit 5f6c87ae0389fd163aa1531d2517a89068a8c82d (HEAD -> second)
Author: Alex Kichigin <alexkichigin1978@gmail.com>
Date:   Sun Nov 27 01:24:52 2022 +0300
Commit _4 Отчет версия 4 - новая ветка - созданию коммита-3

commit b0adacd0fb691317e491994603def5d981508bd3
Author: Alex Kichigin <alexkichigin1978@gmail.com>
Date:   Sun Nov 27 01:19:28 2022 +0300
Commit _3 Отчет версия 3 - новая ветка с измениями по созданию ветки и созданию коммита-2

commit 7b3ac81f94258558a35cb79626d9775033ad33ac (master)
Author: Alex Kichigin <alexkichigin1978@gmail.com>
Date:   Sun Nov 27 01:08:32 2022 +0300
Commit _2 Отчет версия 2 - создан коммит-1

commit 63037c83ae5b0ec1f810e426dd9e89deac68081a
Author: Alex Kichigin <alexkichigin1978@gmail.com>
Date:   Sun Nov 27 01:01:40 2022 +0300
Commit _1 Отчет версия 1 - до создания коммита

Переход на ветку master
$ git checkout master
Switched to branch 'master'

Проверка веток (активная master)
$ git branch
* master
  second

Слияние ветки second в ветку master 
$ git merge -m "Слияние ветки second в текущую ветку master" second
Updating 7b3ac81..5f6c87a
Fast-forward (no commit created; -m option ignored)
 Otchet_homerwork_7_IIT.txt | 74 +++++++++++++++++++++++++++++++++++++++++++++++++-
 1 file changed, 73 insertions(+), 1 deletion(-)

Посмотр коммитов (активная ветка - master)
$ git log
commit 5f6c87ae0389fd163aa1531d2517a89068a8c82d (HEAD -> master, second)
Author: Alex Kichigin <alexkichigin1978@gmail.com>
Date:   Sun Nov 27 01:24:52 2022 +0300
Commit _4 Отчет версия 4 - новая ветка - созданию коммита-3

commit b0adacd0fb691317e491994603def5d981508bd3
Author: Alex Kichigin <alexkichigin1978@gmail.com>
Date:   Sun Nov 27 01:19:28 2022 +0300
Commit _3 Отчет версия 3 - новая ветка с измениями по созданию ветки и созданию коммита-2

commit 7b3ac81f94258558a35cb79626d9775033ad33ac
Author: Alex Kichigin <alexkichigin1978@gmail.com>
Date:   Sun Nov 27 01:08:32 2022 +0300
Commit _2 Отчет версия 2 - создан коммит-1

commit 63037c83ae5b0ec1f810e426dd9e89deac68081a
Author: Alex Kichigin <alexkichigin1978@gmail.com>
Date:   Sun Nov 27 01:01:40 2022 +0300
Commit _1 Отчет версия 1 - до создания коммита

Добавление в staging area изменений в в файле Otchet_homerwork_7_IIT.txt (Пака - Homerwork_7_IIT, ветка - master) - строки 141-208
$ git add .

Создание коммита 5 (сохранение изменений по слиянию веток)
$ git commit -m "Commit _5"
[master a6c0a0f] Commit _5
 1 file changed, 68 insertions(+)

Посмотр коммитов (активная ветка - master)
$ git log
commit a6c0a0f6739a338ff7cbc7543f06d8d38bac4b22 (HEAD -> master)
Author: Alex Kichigin <alexkichigin1978@gmail.com>
Date:   Sun Nov 27 01:52:03 2022 +0300
Commit _5

commit 5f6c87ae0389fd163aa1531d2517a89068a8c82d (second)
Author: Alex Kichigin <alexkichigin1978@gmail.com>
Date:   Sun Nov 27 01:24:52 2022 +0300
Commit _4 Отчет версия 4 - новая ветка - созданию коммита-3

commit b0adacd0fb691317e491994603def5d981508bd3
Author: Alex Kichigin <alexkichigin1978@gmail.com>
Date:   Sun Nov 27 01:19:28 2022 +0300
Commit _3 Отчет версия 3 - новая ветка с измениями по созданию ветки и созданию коммита-2

commit 7b3ac81f94258558a35cb79626d9775033ad33ac
Author: Alex Kichigin <alexkichigin1978@gmail.com>
Date:   Sun Nov 27 01:08:32 2022 +0300
Commit _2 Отчет версия 2 - создан коммит-1

commit 63037c83ae5b0ec1f810e426dd9e89deac68081a
Author: Alex Kichigin <alexkichigin1978@gmail.com>
Date:   Sun Nov 27 01:01:40 2022 +0300
Commit _1 Отчет версия 1 - до создания коммита

В коммиете- 6 схранены изменения в отчете по созданию коммита 5 (до создания отчета в git hub)

Добавляем удаленный репозиторий (по протоколу SSH) под именем origin (папка Homerwork_7_IIT (ветка master))
$ git remote add origin https://github.com/AlexKichigin//homework-ITT.git

Переименование ветки master  в main
$ git branch -m main

Проверка результатов добавления удаленного репозитория
$ git remote -vv
origin  https://github.com/AlexKichigin/homework-ITT.git (fetch)
origin  https://github.com/AlexKichigin/homework-ITT.git (push)

Перенос репозитория на Github
$ git push -u origin main
Enumerating objects: 21, done.
Counting objects: 100% (21/21), done.
Delta compression using up to 4 threads
Compressing objects: 100% (21/21), done.
Writing objects: 100% (21/21), 3.97 KiB | 3.97 MiB/s, done.
Total 21 (delta 6), reused 0 (delta 0), pack-reused 0
remote: Resolving deltas: 100% (6/6), done.
To https://github.com/AlexKichigin/homework-ITT.git
 * [new branch]      main -> main
branch 'main' set up to track 'origin/main'.

Комит 8 - сохранение отчета с переносом на Github

Комит 9 - перенос изменение на Github
$ git push
Enumerating objects: 5, done.
Counting objects: 100% (5/5), done.
Delta compression using up to 4 threads
Compressing objects: 100% (3/3), done.
Writing objects: 100% (3/3), 930 bytes | 930.00 KiB/s, done.
Total 3 (delta 1), reused 0 (delta 0), pack-reused 0
remote: Resolving deltas: 100% (1/1), completed with 1 local object.
To https://github.com/AlexKichigin/homework-ITT.git
   2c8848e..021c4c5  main -> main
