Отчет по выполнению практической работы

Вызов названия текущей папаки
$ pwd
/c/Users/alexk

Создание новой папки Homerwork_7
$ mkdir "Homerwork_7"

Переход в папку Homerwork_7
$ cd Homerwork_7/

Проверка текущей папки
$ pwd
/c/Users/alexk/Homerwork_7

Создание локального репозитория в папке Homerwork_7
$ git init
Initialized empty Git repository in C:/Users/alexk/Homerwork_7/.git/

Создание файла с отчетом в папке Homerwork_7
$ echo "Отчет по выполнению практической работы" >Otchet_homerwork_7.txt

Вызов содержимого папки Homerwork_7
$ ls
Otchet_homerwork_7.txt

Открытие файла в Visual Studio Code
$ code .

Посмотр состояния рабочей директории и staging area
$ git status
On branch master
No commits yet
Untracked files:
  (use "git add <file>..." to include in what will be committed)
        Otchet_homerwork_7.txt
nothing added to commit but untracked files present (use "git add" to track)

Перенос файлов из рабочей директории в staging area - строки 1-38
$ git add .
warning: in the working copy of 'Otchet_homerwork_7.txt', LF will be replaced by CRLF the next time Git touches it

Посмотр состояния рабочей директории и staging area
$ git status
On branch master
No commits yet
Changes to be committed:
  (use "git rm --cached <file>..." to unstage)
        new file:   Otchet_homerwork_7.txt

Создание коммита commit-1
$ git commit -m "Commit _1 Отчет версия 1 - до создания коммита"
[master (root-commit) 63037c8] Commit _1 Отчет версия 1 - до создания коммита
 1 file changed, 40 insertions(+)
 create mode 100644 Otchet_homerwork_7.txt

Посмотр состояния рабочей директории и staging area
$ git status
On branch master
nothing to commit, working tree clean

Посмотр коммитов
$ git log
commit 63037c83ae5b0ec1f810e426dd9e89deac68081a (HEAD -> master)
Author: Alex Kichigin <alexkichigin1978@gmail.com>
Date:   Sun Nov 27 01:01:40 2022 +0300
Commit _1 Отчет версия 1 - до создания коммита

Добавление в staging area изменений в в файле Otchet_homerwork_7.txt (Пака - Homerwork_7, ветка - master) - строки 40-68
$ git add .
warning: in the working copy of 'Otchet_homerwork_7.txt', LF will be replaced by CRLF the next time Git touches it

Создание коммита commit-2
$ git commit -m "Commit _2 Отчет версия 2 - создан коммит-1"
[master 7b3ac81] Commit _2 Отчет версия 2 - создан коммит-1
 1 file changed, 29 insertions(+)

Посмотр коммитов
$ git log
commit 7b3ac81f94258558a35cb79626d9775033ad33ac (HEAD -> master)
Author: Alex Kichigin <alexkichigin1978@gmail.com>
Date:   Sun Nov 27 01:08:32 2022 +0300
Commit _2 Отчет версия 2 - создан коммит-1

commit 63037c83ae5b0ec1f810e426dd9e89deac68081a
Author: Alex Kichigin <alexkichigin1978@gmail.com>
Date:   Sun Nov 27 01:01:40 2022 +0300
Commit _1 Отчет версия 1 - до создания коммита

Создание и переход на ветку 'second'
$ git checkout -b "second"
Switched to a new branch 'second'

Посмотр коммитов
$ git log
commit 7b3ac81f94258558a35cb79626d9775033ad33ac (HEAD -> second, master)
Author: Alex Kichigin <alexkichigin1978@gmail.com>
Date:   Sun Nov 27 01:08:32 2022 +0300
Commit _2 Отчет версия 2 - создан коммит-1

commit 63037c83ae5b0ec1f810e426dd9e89deac68081a
Author: Alex Kichigin <alexkichigin1978@gmail.com>
Date:   Sun Nov 27 01:01:40 2022 +0300
Commit _1 Отчет версия 1 - до создания коммита

Добавление в staging area изменений в в файле Otchet_homerwork_7.txt (Пака - Homerwork_7, ветка - second) - строки 70-105
$ git add .
warning: in the working copy of 'Otchet_homerwork_7.txt', LF will be replaced by CRLF the next time Git touches it

Посмотр состояния рабочей директории и staging area
$ git status
On branch second
Changes to be committed:
  (use "git restore --staged <file>..." to unstage)
        modified:   Otchet_homerwork_7.txt


Создание коммита commit-3 (ветка second)
$ git commit -m "Commit _3 Отчет версия 3 - новая ветка с измениями по созданию ветки и созданию коммита-2"
[second b0adacd] Commit _3 Отчет версия 3 - новая ветка с измениями по созданию ветки и созданию коммита-2
 1 file changed, 37 insertions(+), 1 deletion(-)

Посмотр коммитов (активная ветка - second)
$ git log
commit b0adacd0fb691317e491994603def5d981508bd3 (HEAD -> second)
Author: Alex Kichigin <alexkichigin1978@gmail.com>
Date:   Sun Nov 27 01:19:28 2022 +0300
Commit _3 Отчет версия 3 - новая ветка с измениями по созданию ветки и созданию коммита-2

commit 7b3ac81f94258558a35cb79626d9775033ad33ac (master)
Author: Alex Kichigin <alexkichigin1978@gmail.com>
Date:   Sun Nov 27 01:08:32 2022 +0300
Commit _2 Отчет версия 2 - создан коммит-1

commit 63037c83ae5b0ec1f810e426dd9e89deac68081a
Author: Alex Kichigin <alexkichigin1978@gmail.com>
Date:   Sun Nov 27 01:01:40 2022 +0300
Commit _1 Отчет версия 1 - до создания коммита


